Archive member included to satisfy reference by file (symbol)

/usr/local/bin/../lib/gcc/riscv-wch-elf/12.2.0/../../../../riscv-wch-elf/lib/libc.a(lib_a-printf.o)
                              obj/Debug/main.o (printf)
/usr/local/bin/../lib/gcc/riscv-wch-elf/12.2.0/../../../../riscv-wch-elf/lib/libc.a(lib_a-puts.o)
                              obj/Debug/main.o (puts)
/usr/local/bin/../lib/gcc/riscv-wch-elf/12.2.0/../../../../riscv-wch-elf/lib/libc.a(lib_a-strlen.o)
                              /usr/local/bin/../lib/gcc/riscv-wch-elf/12.2.0/../../../../riscv-wch-elf/lib/libc.a(lib_a-puts.o) (strlen)
/usr/local/bin/../lib/gcc/riscv-wch-elf/12.2.0/../../../../riscv-wch-elf/lib/libc.a(lib_a-vfprintf.o)
                              /usr/local/bin/../lib/gcc/riscv-wch-elf/12.2.0/../../../../riscv-wch-elf/lib/libc.a(lib_a-printf.o) (_vfprintf_r)
/usr/local/bin/../lib/gcc/riscv-wch-elf/12.2.0/../../../../riscv-wch-elf/lib/libc.a(lib_a-wcrtomb.o)
                              /usr/local/bin/../lib/gcc/riscv-wch-elf/12.2.0/../../../../riscv-wch-elf/lib/libc.a(lib_a-vfprintf.o) (_wcrtomb_r)
/usr/local/bin/../lib/gcc/riscv-wch-elf/12.2.0/../../../../riscv-wch-elf/lib/libc.a(lib_a-wcsrtombs.o)
                              /usr/local/bin/../lib/gcc/riscv-wch-elf/12.2.0/../../../../riscv-wch-elf/lib/libc.a(lib_a-vfprintf.o) (_wcsrtombs_r)
/usr/local/bin/../lib/gcc/riscv-wch-elf/12.2.0/../../../../riscv-wch-elf/lib/libc.a(lib_a-wsetup.o)
                              /usr/local/bin/../lib/gcc/riscv-wch-elf/12.2.0/../../../../riscv-wch-elf/lib/libc.a(lib_a-vfprintf.o) (__swsetup_r)
/usr/local/bin/../lib/gcc/riscv-wch-elf/12.2.0/../../../../riscv-wch-elf/lib/libc.a(lib_a-dtoa.o)
                              /usr/local/bin/../lib/gcc/riscv-wch-elf/12.2.0/../../../../riscv-wch-elf/lib/libc.a(lib_a-vfprintf.o) (_dtoa_r)
/usr/local/bin/../lib/gcc/riscv-wch-elf/12.2.0/../../../../riscv-wch-elf/lib/libc.a(lib_a-fflush.o)
                              /usr/local/bin/../lib/gcc/riscv-wch-elf/12.2.0/../../../../riscv-wch-elf/lib/libc.a(lib_a-vfprintf.o) (_fflush_r)
/usr/local/bin/../lib/gcc/riscv-wch-elf/12.2.0/../../../../riscv-wch-elf/lib/libc.a(lib_a-findfp.o)
                              /usr/local/bin/../lib/gcc/riscv-wch-elf/12.2.0/../../../../riscv-wch-elf/lib/libc.a(lib_a-puts.o) (__sinit)
/usr/local/bin/../lib/gcc/riscv-wch-elf/12.2.0/../../../../riscv-wch-elf/lib/libc.a(lib_a-freer.o)
                              /usr/local/bin/../lib/gcc/riscv-wch-elf/12.2.0/../../../../riscv-wch-elf/lib/libc.a(lib_a-vfprintf.o) (_free_r)
/usr/local/bin/../lib/gcc/riscv-wch-elf/12.2.0/../../../../riscv-wch-elf/lib/libc.a(lib_a-fvwrite.o)
                              /usr/local/bin/../lib/gcc/riscv-wch-elf/12.2.0/../../../../riscv-wch-elf/lib/libc.a(lib_a-puts.o) (__sfvwrite_r)
/usr/local/bin/../lib/gcc/riscv-wch-elf/12.2.0/../../../../riscv-wch-elf/lib/libc.a(lib_a-fwalk.o)
                              /usr/local/bin/../lib/gcc/riscv-wch-elf/12.2.0/../../../../riscv-wch-elf/lib/libc.a(lib_a-findfp.o) (_fwalk)
/usr/local/bin/../lib/gcc/riscv-wch-elf/12.2.0/../../../../riscv-wch-elf/lib/libc.a(lib_a-impure.o)
                              /usr/local/bin/../lib/gcc/riscv-wch-elf/12.2.0/../../../../riscv-wch-elf/lib/libc.a(lib_a-fflush.o) (_global_impure_ptr)
/usr/local/bin/../lib/gcc/riscv-wch-elf/12.2.0/../../../../riscv-wch-elf/lib/libc.a(lib_a-localeconv.o)
                              /usr/local/bin/../lib/gcc/riscv-wch-elf/12.2.0/../../../../riscv-wch-elf/lib/libc.a(lib_a-vfprintf.o) (_localeconv_r)
/usr/local/bin/../lib/gcc/riscv-wch-elf/12.2.0/../../../../riscv-wch-elf/lib/libc.a(lib_a-locale.o)
                              /usr/local/bin/../lib/gcc/riscv-wch-elf/12.2.0/../../../../riscv-wch-elf/lib/libc.a(lib_a-vfprintf.o) (__global_locale)
/usr/local/bin/../lib/gcc/riscv-wch-elf/12.2.0/../../../../riscv-wch-elf/lib/libc.a(lib_a-lock.o)
                              /usr/local/bin/../lib/gcc/riscv-wch-elf/12.2.0/../../../../riscv-wch-elf/lib/libc.a(lib_a-vfprintf.o) (__retarget_lock_init_recursive)
/usr/local/bin/../lib/gcc/riscv-wch-elf/12.2.0/../../../../riscv-wch-elf/lib/libc.a(lib_a-makebuf.o)
                              /usr/local/bin/../lib/gcc/riscv-wch-elf/12.2.0/../../../../riscv-wch-elf/lib/libc.a(lib_a-wsetup.o) (__smakebuf_r)
/usr/local/bin/../lib/gcc/riscv-wch-elf/12.2.0/../../../../riscv-wch-elf/lib/libc.a(lib_a-mallocr.o)
                              /usr/local/bin/../lib/gcc/riscv-wch-elf/12.2.0/../../../../riscv-wch-elf/lib/libc.a(lib_a-vfprintf.o) (_malloc_r)
/usr/local/bin/../lib/gcc/riscv-wch-elf/12.2.0/../../../../riscv-wch-elf/lib/libc.a(lib_a-mbtowc_r.o)
                              /usr/local/bin/../lib/gcc/riscv-wch-elf/12.2.0/../../../../riscv-wch-elf/lib/libc.a(lib_a-locale.o) (__ascii_mbtowc)
/usr/local/bin/../lib/gcc/riscv-wch-elf/12.2.0/../../../../riscv-wch-elf/lib/libc.a(lib_a-memchr.o)
[...]
Memory Configuration

Name             Origin             Length             Attributes
FLASH            0x0000000000000000 0x0000000000048000 xr
RAM              0x0000000020000000 0x0000000000008000 xrw
*default*        0x0000000000000000 0xffffffffffffffff

Linker script and memory map

LOAD obj/Debug/core_riscv.o
LOAD obj/Debug/debug.o
LOAD obj/Debug/ch32v30x_adc.o
LOAD obj/Debug/ch32v30x_bkp.o
LOAD obj/Debug/ch32v30x_can.o
LOAD obj/Debug/ch32v30x_crc.o
LOAD obj/Debug/ch32v30x_dac.o
LOAD obj/Debug/ch32v30x_dbgmcu.o
LOAD obj/Debug/ch32v30x_dma.o
LOAD obj/Debug/ch32v30x_dvp.o
LOAD obj/Debug/ch32v30x_eth.o
LOAD obj/Debug/ch32v30x_exti.o
LOAD obj/Debug/ch32v30x_flash.o
LOAD obj/Debug/ch32v30x_fsmc.o
LOAD obj/Debug/ch32v30x_gpio.o
LOAD obj/Debug/ch32v30x_i2c.o
LOAD obj/Debug/ch32v30x_iwdg.o
LOAD obj/Debug/ch32v30x_misc.o
LOAD obj/Debug/ch32v30x_opa.o
LOAD obj/Debug/ch32v30x_pwr.o
LOAD obj/Debug/ch32v30x_rcc.o
LOAD obj/Debug/ch32v30x_rng.o
LOAD obj/Debug/ch32v30x_rtc.o
LOAD obj/Debug/ch32v30x_sdio.o
LOAD obj/Debug/ch32v30x_spi.o
LOAD obj/Debug/ch32v30x_tim.o
LOAD obj/Debug/ch32v30x_usart.o
LOAD obj/Debug/ch32v30x_wwdg.o
LOAD obj/Debug/startup_ch32v30x_D8.o
LOAD obj/Debug/ch32v30x_it.o
LOAD obj/Debug/main.o
LOAD obj/Debug/system_ch32v30x.o
LOAD /usr/local/bin/../lib/gcc/riscv-wch-elf/12.2.0/../../../../riscv-wch-elf/lib/libc.a
LOAD /usr/local/bin/../lib/gcc/riscv-wch-elf/12.2.0/../../../../riscv-wch-elf/lib/libm.a
LOAD /usr/local/bin/../lib/gcc/riscv-wch-elf/12.2.0/../../../../riscv-wch-elf/lib/libnosys.a
LOAD /usr/local/bin/../lib/gcc/riscv-wch-elf/12.2.0/libgcc.a
START GROUP
LOAD /usr/local/bin/../lib/gcc/riscv-wch-elf/12.2.0/../../../../riscv-wch-elf/lib/libc.a
END GROUP
LOAD /usr/local/bin/../lib/gcc/riscv-wch-elf/12.2.0/libgcc.a
START GROUP
LOAD /usr/local/bin/../lib/gcc/riscv-wch-elf/12.2.0/libgcc.a
LOAD /usr/local/bin/../lib/gcc/riscv-wch-elf/12.2.0/../../../../riscv-wch-elf/lib/libc.a
LOAD /usr/local/bin/../lib/gcc/riscv-wch-elf/12.2.0/../../../../riscv-wch-elf/lib/libnosys.a
END GROUP
                0x0000000000000800                __stack_size = 0x800
                [!provide]                        PROVIDE (_stack_size = __stack_size)

.init           0x0000000000000000        0x4
                0x0000000000000000                _sinit = .
                0x0000000000000000                . = ALIGN (0x4)
 *(SORT_NONE(.init))
 .init          0x0000000000000000        0x4 obj/Debug/startup_ch32v30x_D8.o
                0x0000000000000000                _start
                0x0000000000000004                . = ALIGN (0x4)
                0x0000000000000004                _einit = .

.vector         0x0000000000000004      0x1bc
 *(.vector)
 .vector        0x0000000000000004      0x1a0 obj/Debug/startup_ch32v30x_D8.o
                0x00000000000001c0                . = ALIGN (0x40)
 *fill*         0x00000000000001a4       0x1c 

.text           0x00000000000001c0     0xcbd8
                0x00000000000001c0                . = ALIGN (0x4)
 *(.text)
 .text          0x00000000000001c0      0x2d2 obj/Debug/debug.o
                0x00000000000001c0                Delay_Init
                0x0000000000000202                Delay_Us
                0x0000000000000284                Delay_Ms
                0x0000000000000306                USART_Printf_Init
                0x000000000000038a                SDI_Printf_Enable
                0x00000000000003ae                _write
                0x0000000000000424                _sbrk
 .text          0x0000000000000492       0xca obj/Debug/ch32v30x_dbgmcu.o
                0x0000000000000492                DBGMCU_GetREVID
                0x00000000000004b0                DBGMCU_GetDEVID
                0x00000000000004ca                __get_DEBUG_CR
                0x00000000000004e4                __set_DEBUG_CR
                0x00000000000004fe                DBGMCU_Config
                0x0000000000000544                DBGMCU_GetCHIPID
 .text          0x000000000000055c      0xc76 obj/Debug/ch32v30x_gpio.o
                0x000000000000055c                GPIO_DeInit
                0x000000000000061e                GPIO_AFIODeInit
                0x0000000000000640                GPIO_Init
                0x000000000000086a                GPIO_StructInit
                0x0000000000000896                GPIO_ReadInputDataBit
                0x00000000000008d0                GPIO_ReadInputData
                0x00000000000008ec                GPIO_ReadOutputDataBit
                0x0000000000000926                GPIO_ReadOutputData
                0x0000000000000942                GPIO_SetBits
                0x0000000000000964                GPIO_ResetBits
                0x0000000000000986                GPIO_WriteBit
                0x00000000000009be                GPIO_Write
                0x00000000000009e0                GPIO_PinLockConfig
                0x0000000000000a3e                GPIO_EventOutputConfig
                0x0000000000000aa0                GPIO_EventOutputCmd
                0x0000000000000ada                GPIO_PinRemapConfig
                0x0000000000000caa                GPIO_EXTILineConfig
                0x0000000000000d4c                GPIO_ETH_MediaInterfaceConfig
                0x0000000000000d8c                GPIO_IPD_Unused
 .text          0x00000000000011d2       0xfa obj/Debug/ch32v30x_misc.o
                0x00000000000011d2                NVIC_PriorityGroupConfig
                0x00000000000011ec                NVIC_Init
 .text          0x00000000000012cc     0x10da obj/Debug/ch32v30x_rcc.o
                0x00000000000012cc                RCC_DeInit
                0x000000000000135e                RCC_HSEConfig
                0x00000000000013d4                RCC_WaitForHSEStartUp
                0x0000000000001434                RCC_AdjustHSICalibrationValue
                0x000000000000147c                RCC_HSICmd
                0x00000000000014b4                RCC_PLLConfig
                0x0000000000001528                RCC_PLLCmd
                0x0000000000001568                RCC_SYSCLKConfig
                0x00000000000015aa                RCC_GetSYSCLKSource
                0x00000000000015c8                RCC_HCLKConfig
                0x000000000000160c                RCC_PCLK1Config
                0x0000000000001650                RCC_PCLK2Config
                0x000000000000169a                RCC_ITConfig
                0x0000000000001706                RCC_ADCCLKConfig
                0x000000000000174c                RCC_LSEConfig
                0x00000000000017aa                RCC_LSICmd
                0x00000000000017e2                RCC_RTCCLKConfig
                0x0000000000001806                RCC_RTCCLKCmd
                0x0000000000001842                RCC_GetClocksFreq
                0x0000000000001be2                RCC_AHBPeriphClockCmd
                0x0000000000001c28                RCC_APB2PeriphClockCmd
                0x0000000000001c6e                RCC_APB1PeriphClockCmd
                0x0000000000001cb4                RCC_APB2PeriphResetCmd
                0x0000000000001cfa                RCC_APB1PeriphResetCmd
                0x0000000000001d40                RCC_BackupResetCmd
                0x0000000000001d7c                RCC_ClockSecuritySystemCmd
                0x0000000000001dbc                RCC_MCOConfig
                0x0000000000001dde                RCC_GetFlagStatus
                0x0000000000001e6c                RCC_ClearFlag
                0x0000000000001e8c                RCC_GetITStatus
                0x0000000000001ec2                RCC_ClearITPendingBit
                0x0000000000001ee4                RCC_PREDIV1Config
                0x0000000000001f34                RCC_PREDIV2Config
                0x0000000000001f78                RCC_PLL2Config
                0x0000000000001fc0                RCC_PLL2Cmd
                0x0000000000002000                RCC_PLL3Config
                0x0000000000002046                RCC_PLL3Cmd
                0x0000000000002086                RCC_USBFSCLKConfig
                0x00000000000020c2                RCC_I2S2CLKConfig
                0x00000000000020fc                RCC_I2S3CLKConfig
                0x0000000000002138                RCC_AHBPeriphResetCmd
                0x000000000000217e                RCC_ADCCLKADJcmd
                0x00000000000021be                RCC_RNGCLKConfig
                0x00000000000021fa                RCC_ETH1GCLKConfig
                0x0000000000002236                RCC_ETH1G_125Mcmd
                0x0000000000002276                RCC_USBHSConfig
                0x00000000000022b2                RCC_USBHSPLLCLKConfig
                0x00000000000022ee                RCC_USBHSPLLCKREFCLKConfig
                0x000000000000232a                RCC_USBHSPHYPLLALIVEcmd
                0x000000000000236a                RCC_USBCLK48MConfig
 .text          0x00000000000023a6      0xc18 obj/Debug/ch32v30x_usart.o
                0x00000000000023a6                USART_DeInit
                0x00000000000024da                USART_Init
                0x00000000000026a6                USART_StructInit
                0x00000000000026ee                USART_ClockInit
                0x000000000000277c                USART_ClockStructInit
                0x00000000000027ae                USART_Cmd
                0x000000000000280e                USART_ITConfig
                0x00000000000028d2                USART_DMACmd
                0x0000000000002940                USART_SetAddress
                0x000000000000299a                USART_WakeUpConfig
                0x00000000000029f6                USART_ReceiverWakeUpCmd
                0x0000000000002a4e                USART_LINBreakDetectLengthConfig
                0x0000000000002aa4                USART_LINCmd
                0x0000000000002b04                USART_SendData
                0x0000000000002b32                USART_ReceiveData
                0x0000000000002b58                USART_SendBreak
                0x0000000000002b88                USART_SetGuardTime
                0x0000000000002bea                USART_SetPrescaler
                0x0000000000002c46                USART_SmartCardCmd
                0x0000000000002ca0                USART_SmartCardNACKCmd
                0x0000000000002cf8                USART_HalfDuplexCmd
                0x0000000000002d50                USART_IrDAConfig
                0x0000000000002da4                USART_IrDACmd
                0x0000000000002dfc                USART_GetFlagStatus
                0x0000000000002e40                USART_ClearFlag
                0x0000000000002e6e                USART_GetITStatus
                0x0000000000002f70                USART_ClearITPendingBit
 .text          0x0000000000002fbe       0x20 obj/Debug/ch32v30x_it.o
                0x0000000000002fbe                NMI_Handler
                0x0000000000002fc6                HardFault_Handler
 .text          0x0000000000002fde       0xba obj/Debug/main.o
                0x0000000000003020                main
 .text          0x0000000000003098      0x47e obj/Debug/system_ch32v30x.o
                0x0000000000003098                SystemInit
                0x0000000000003130                SystemCoreClockUpdate
 .text          0x0000000000003516       0xa8 /usr/local/bin/../lib/gcc/riscv-wch-elf/12.2.0/../../../../riscv-wch-elf/lib/libc.a(lib_a-memset.o)
                0x0000000000003516                memset
 *(.text.*)
 .text.vector_handler
                0x00000000000035be        0x2 obj/Debug/startup_ch32v30x_D8.o
                0x00000000000035be                EXTI2_IRQHandler
                0x00000000000035be                TIM8_TRG_COM_IRQHandler
                0x00000000000035be                TIM8_CC_IRQHandler
                0x00000000000035be                UART8_IRQHandler
                0x00000000000035be                TIM1_CC_IRQHandler
                0x00000000000035be                TIM6_IRQHandler
                0x00000000000035be                SysTick_Handler
                0x00000000000035be                PVD_IRQHandler
                0x00000000000035be                SDIO_IRQHandler
                0x00000000000035be                TIM9_BRK_IRQHandler
                0x00000000000035be                DMA2_Channel8_IRQHandler
                0x00000000000035be                EXTI3_IRQHandler
                0x00000000000035be                DMA2_Channel9_IRQHandler
                0x00000000000035be                TIM10_CC_IRQHandler
                0x00000000000035be                USBFS_IRQHandler
                0x00000000000035be                EXTI0_IRQHandler
                0x00000000000035be                I2C2_EV_IRQHandler
                0x00000000000035be                TIM10_TRG_COM_IRQHandler
                0x00000000000035be                ADC1_2_IRQHandler
                0x00000000000035be                Break_Point_Handler
                0x00000000000035be                SPI1_IRQHandler
                0x00000000000035be                TAMPER_IRQHandler
                0x00000000000035be                TIM8_UP_IRQHandler
                0x00000000000035be                Ecall_M_Mode_Handler
                0x00000000000035be                DMA2_Channel2_IRQHandler
                0x00000000000035be                DMA1_Channel4_IRQHandler
                0x00000000000035be                TIM9_UP_IRQHandler
                0x00000000000035be                USART3_IRQHandler
                0x00000000000035be                RTC_IRQHandler
                0x00000000000035be                DMA1_Channel7_IRQHandler
                0x00000000000035be                CAN1_RX1_IRQHandler
                0x00000000000035be                UART5_IRQHandler
                0x00000000000035be                TIM4_IRQHandler
                0x00000000000035be                DMA2_Channel1_IRQHandler
                0x00000000000035be                I2C1_EV_IRQHandler
                0x00000000000035be                DMA1_Channel6_IRQHandler
                0x00000000000035be                UART4_IRQHandler
                0x00000000000035be                DMA2_Channel4_IRQHandler
                0x00000000000035be                TIM3_IRQHandler
                0x00000000000035be                RCC_IRQHandler
                0x00000000000035be                TIM1_TRG_COM_IRQHandler
                0x00000000000035be                DMA1_Channel1_IRQHandler
                0x00000000000035be                DMA2_Channel7_IRQHandler
                0x00000000000035be                EXTI15_10_IRQHandler
                0x00000000000035be                TIM7_IRQHandler
                0x00000000000035be                TIM5_IRQHandler
                0x00000000000035be                EXTI9_5_IRQHandler
                0x00000000000035be                SPI2_IRQHandler
                0x00000000000035be                TIM10_BRK_IRQHandler
                0x00000000000035be                TIM9_CC_IRQHandler
                0x00000000000035be                DMA2_Channel5_IRQHandler
                0x00000000000035be                DMA1_Channel5_IRQHandler
                0x00000000000035be                EXTI4_IRQHandler
                0x00000000000035be                USB_LP_CAN1_RX0_IRQHandler
                0x00000000000035be                RNG_IRQHandler
                0x00000000000035be                USB_HP_CAN1_TX_IRQHandler
                0x00000000000035be                DMA1_Channel3_IRQHandler
                0x00000000000035be                TIM1_UP_IRQHandler
                0x00000000000035be                WWDG_IRQHandler
                0x00000000000035be                DMA2_Channel11_IRQHandler
                0x00000000000035be                Ecall_U_Mode_Handler
                0x00000000000035be                DMA2_Channel6_IRQHandler
                0x00000000000035be                TIM2_IRQHandler
                0x00000000000035be                SW_Handler
                0x00000000000035be                TIM1_BRK_IRQHandler
                0x00000000000035be                DMA2_Channel10_IRQHandler
                0x00000000000035be                EXTI1_IRQHandler
                0x00000000000035be                RTCAlarm_IRQHandler
                0x00000000000035be                TIM10_UP_IRQHandler
                0x00000000000035be                TIM9_TRG_COM_IRQHandler
                0x00000000000035be                UART7_IRQHandler
                0x00000000000035be                USART2_IRQHandler
                0x00000000000035be                UART6_IRQHandler
                0x00000000000035be                I2C2_ER_IRQHandler
                0x00000000000035be                DMA1_Channel2_IRQHandler
                0x00000000000035be                TIM8_BRK_IRQHandler
                0x00000000000035be                CAN1_SCE_IRQHandler
                0x00000000000035be                FLASH_IRQHandler
                0x00000000000035be                USART1_IRQHandler
                0x00000000000035be                SPI3_IRQHandler
                0x00000000000035be                I2C1_ER_IRQHandler
                0x00000000000035be                DMA2_Channel3_IRQHandler
 .text.handle_reset
                0x00000000000035c0       0x88 obj/Debug/startup_ch32v30x_D8.o
                0x00000000000035c0                handle_reset
 .text.printf   0x0000000000003648       0x2a /usr/local/bin/../lib/gcc/riscv-wch-elf/12.2.0/../../../../riscv-wch-elf/lib/libc.a(lib_a-printf.o)
                0x0000000000003648                printf
 .text._puts_r  0x0000000000003672       0xb8 /usr/local/bin/../lib/gcc/riscv-wch-elf/12.2.0/../../../../riscv-wch-elf/lib/libc.a(lib_a-puts.o)
                0x0000000000003672                _puts_r
 .text.puts     0x000000000000372a        0x8 /usr/local/bin/../lib/gcc/riscv-wch-elf/12.2.0/../../../../riscv-wch-elf/lib/libc.a(lib_a-puts.o)
                0x000000000000372a                puts
 .text.strlen   0x0000000000003732       0x64 /usr/local/bin/../lib/gcc/riscv-wch-elf/12.2.0/../../../../riscv-wch-elf/lib/libc.a(lib_a-strlen.o)
                0x0000000000003732                strlen
 .text._vfprintf_r
                0x0000000000003796     0x1eac /usr/local/bin/../lib/gcc/riscv-wch-elf/12.2.0/../../../../riscv-wch-elf/lib/libc.a(lib_a-vfprintf.o)
                0x0000000000003796                _vfprintf_r
 .text.__sbprintf
                0x0000000000005642       0xb2 /usr/local/bin/../lib/gcc/riscv-wch-elf/12.2.0/../../../../riscv-wch-elf/lib/libc.a(lib_a-vfprintf.o)
 .text._wcrtomb_r
                0x00000000000056f4       0x54 /usr/local/bin/../lib/gcc/riscv-wch-elf/12.2.0/../../../../riscv-wch-elf/lib/libc.a(lib_a-wcrtomb.o)
                0x00000000000056f4                _wcrtomb_r
 .text._wcsrtombs_r
                0x0000000000005748        0xa /usr/local/bin/../lib/gcc/riscv-wch-elf/12.2.0/../../../../riscv-wch-elf/lib/libc.a(lib_a-wcsrtombs.o)
                0x0000000000005748                _wcsrtombs_r
 .text.__swsetup_r
                0x0000000000005752       0xdc /usr/local/bin/../lib/gcc/riscv-wch-elf/12.2.0/../../../../riscv-wch-elf/lib/libc.a(lib_a-wsetup.o)
                0x0000000000005752                __swsetup_r
 .text.quorem   0x000000000000582e      0x142 /usr/local/bin/../lib/gcc/riscv-wch-elf/12.2.0/../../../../riscv-wch-elf/lib/libc.a(lib_a-dtoa.o)
 .text._dtoa_r  0x0000000000005970      0xf54 /usr/local/bin/../lib/gcc/riscv-wch-elf/12.2.0/../../../../riscv-wch-elf/lib/libc.a(lib_a-dtoa.o)
                0x0000000000005970                _dtoa_r
 .text.__sflush_r
                0x00000000000068c4      0x180 /usr/local/bin/../lib/gcc/riscv-wch-elf/12.2.0/../../../../riscv-wch-elf/lib/libc.a(lib_a-fflush.o)
                0x00000000000068c4                __sflush_r
 .text._fflush_r
                0x0000000000006a44       0x7c /usr/local/bin/../lib/gcc/riscv-wch-elf/12.2.0/../../../../riscv-wch-elf/lib/libc.a(lib_a-fflush.o)
                0x0000000000006a44                _fflush_r
 .text._cleanup_r
                0x0000000000006ac0        0xc /usr/local/bin/../lib/gcc/riscv-wch-elf/12.2.0/../../../../riscv-wch-elf/lib/libc.a(lib_a-findfp.o)
                0x0000000000006ac0                _cleanup_r
 .text.__sinit  0x0000000000006acc      0x150 /usr/local/bin/../lib/gcc/riscv-wch-elf/12.2.0/../../../../riscv-wch-elf/lib/libc.a(lib_a-findfp.o)
                0x0000000000006acc                __sinit
 .text.__sfp_lock_acquire
                0x0000000000006c1c        0x6 /usr/local/bin/../lib/gcc/riscv-wch-elf/12.2.0/../../../../riscv-wch-elf/lib/libc.a(lib_a-findfp.o)
                0x0000000000006c1c                __sfp_lock_acquire
 .text.__sfp_lock_release
                0x0000000000006c22        0x6 /usr/local/bin/../lib/gcc/riscv-wch-elf/12.2.0/../../../../riscv-wch-elf/lib/libc.a(lib_a-findfp.o)
                0x0000000000006c22                __sfp_lock_release
 .text._malloc_trim_r
                0x0000000000006c28       0xcc /usr/local/bin/../lib/gcc/riscv-wch-elf/12.2.0/../../../../riscv-wch-elf/lib/libc.a(lib_a-freer.o)
                0x0000000000006c28                _malloc_trim_r
 .text._free_r  0x0000000000006cf4      0x22c /usr/local/bin/../lib/gcc/riscv-wch-elf/12.2.0/../../../../riscv-wch-elf/lib/libc.a(lib_a-freer.o)
                0x0000000000006cf4                _free_r
 .text.__sfvwrite_r
                0x0000000000006f20      0x31c /usr/local/bin/../lib/gcc/riscv-wch-elf/12.2.0/../../../../riscv-wch-elf/lib/libc.a(lib_a-fvwrite.o)
                0x0000000000006f20                __sfvwrite_r
 .text._fwalk_reent
                0x000000000000723c       0x74 /usr/local/bin/../lib/gcc/riscv-wch-elf/12.2.0/../../../../riscv-wch-elf/lib/libc.a(lib_a-fwalk.o)
                0x000000000000723c                _fwalk_reent
 .text._localeconv_r
                0x00000000000072b0        0xa /usr/local/bin/../lib/gcc/riscv-wch-elf/12.2.0/../../../../riscv-wch-elf/lib/libc.a(lib_a-localeconv.o)
                0x00000000000072b0                _localeconv_r
 .text.__locale_mb_cur_max
                0x00000000000072ba        0xa /usr/local/bin/../lib/gcc/riscv-wch-elf/12.2.0/../../../../riscv-wch-elf/lib/libc.a(lib_a-locale.o)
                0x00000000000072ba                __locale_mb_cur_max
 .text.__retarget_lock_init_recursive
                0x00000000000072c4        0x2 /usr/local/bin/../lib/gcc/riscv-wch-elf/12.2.0/../../../../riscv-wch-elf/lib/libc.a(lib_a-lock.o)
                0x00000000000072c4                __retarget_lock_init_recursive
 .text.__retarget_lock_close_recursive
                0x00000000000072c6        0x2 /usr/local/bin/../lib/gcc/riscv-wch-elf/12.2.0/../../../../riscv-wch-elf/lib/libc.a(lib_a-lock.o)
                0x00000000000072c6                __retarget_lock_close_recursive
 .text.__retarget_lock_acquire_recursive
                0x00000000000072c8        0x2 /usr/local/bin/../lib/gcc/riscv-wch-elf/12.2.0/../../../../riscv-wch-elf/lib/libc.a(lib_a-lock.o)
                0x00000000000072c8                __retarget_lock_acquire_recursive
 .text.__retarget_lock_release_recursive
                0x00000000000072ca        0x2 /usr/local/bin/../lib/gcc/riscv-wch-elf/12.2.0/../../../../riscv-wch-elf/lib/libc.a(lib_a-lock.o)
                0x00000000000072ca                __retarget_lock_release_recursive
 .text.__smakebuf_r
                0x00000000000072cc      0x10c /usr/local/bin/../lib/gcc/riscv-wch-elf/12.2.0/../../../../riscv-wch-elf/lib/libc.a(lib_a-makebuf.o)
                0x00000000000072cc                __smakebuf_r
 .text._malloc_r
                0x00000000000073d8      0x596 /usr/local/bin/../lib/gcc/riscv-wch-elf/12.2.0/../../../../riscv-wch-elf/lib/libc.a(lib_a-mallocr.o)
                0x00000000000073d8                _malloc_r
 .text.__ascii_mbtowc
                0x000000000000796e       0x40 /usr/local/bin/../lib/gcc/riscv-wch-elf/12.2.0/../../../../riscv-wch-elf/lib/libc.a(lib_a-mbtowc_r.o)
                0x000000000000796e                __ascii_mbtowc
 .text.memchr   0x00000000000079ae       0x90 /usr/local/bin/../lib/gcc/riscv-wch-elf/12.2.0/../../../../riscv-wch-elf/lib/libc.a(lib_a-memchr.o)
                0x00000000000079ae                memchr
 .text.memcpy   0x0000000000007a3e      0x146 /usr/local/bin/../lib/gcc/riscv-wch-elf/12.2.0/../../../../riscv-wch-elf/lib/libc.a(lib_a-memcpy.o)
                0x0000000000007a3e                memcpy
 .text.memmove  0x0000000000007b84       0xd2 /usr/local/bin/../lib/gcc/riscv-wch-elf/12.2.0/../../../../riscv-wch-elf/lib/libc.a(lib_a-memmove-stub.o)
                0x0000000000007b84                memmove
 .text.__malloc_lock
                0x0000000000007c56        0x8 /usr/local/bin/../lib/gcc/riscv-wch-elf/12.2.0/../../../../riscv-wch-elf/lib/libc.a(lib_a-mlock.o)
                0x0000000000007c56                __malloc_lock
 .text.__malloc_unlock
                0x0000000000007c5e        0x8 /usr/local/bin/../lib/gcc/riscv-wch-elf/12.2.0/../../../../riscv-wch-elf/lib/libc.a(lib_a-mlock.o)
                0x0000000000007c5e                __malloc_unlock
 .text._Balloc  0x0000000000007c66       0x66 /usr/local/bin/../lib/gcc/riscv-wch-elf/12.2.0/../../../../riscv-wch-elf/lib/libc.a(lib_a-mprec.o)
                0x0000000000007c66                _Balloc
 .text._Bfree   0x0000000000007ccc       0x12 /usr/local/bin/../lib/gcc/riscv-wch-elf/12.2.0/../../../../riscv-wch-elf/lib/libc.a(lib_a-mprec.o)
                0x0000000000007ccc                _Bfree
 .text.__multadd
                0x0000000000007cde       0xe8 /usr/local/bin/../lib/gcc/riscv-wch-elf/12.2.0/../../../../riscv-wch-elf/lib/libc.a(lib_a-mprec.o)
                0x0000000000007cde                __multadd
 .text.__hi0bits
                0x0000000000007dc6       0x50 /usr/local/bin/../lib/gcc/riscv-wch-elf/12.2.0/../../../../riscv-wch-elf/lib/libc.a(lib_a-mprec.o)
                0x0000000000007dc6                __hi0bits
 .text.__lo0bits
                0x0000000000007e16       0x8a /usr/local/bin/../lib/gcc/riscv-wch-elf/12.2.0/../../../../riscv-wch-elf/lib/libc.a(lib_a-mprec.o)
                0x0000000000007e16                __lo0bits
 .text.__i2b    0x0000000000007ea0       0x6c /usr/local/bin/../lib/gcc/riscv-wch-elf/12.2.0/../../../../riscv-wch-elf/lib/libc.a(lib_a-mprec.o)
                0x0000000000007ea0                __i2b
 .text.__multiply
                0x0000000000007f0c      0x19a /usr/local/bin/../lib/gcc/riscv-wch-elf/12.2.0/../../../../riscv-wch-elf/lib/libc.a(lib_a-mprec.o)
                0x0000000000007f0c                __multiply
 .text.__pow5mult
                0x00000000000080a6       0xda /usr/local/bin/../lib/gcc/riscv-wch-elf/12.2.0/../../../../riscv-wch-elf/lib/libc.a(lib_a-mprec.o)
                0x00000000000080a6                __pow5mult
 .text.__lshift
                0x0000000000008180      0x112 /usr/local/bin/../lib/gcc/riscv-wch-elf/12.2.0/../../../../riscv-wch-elf/lib/libc.a(lib_a-mprec.o)
                0x0000000000008180                __lshift
 .text.__mcmp   0x0000000000008292       0x3c /usr/local/bin/../lib/gcc/riscv-wch-elf/12.2.0/../../../../riscv-wch-elf/lib/libc.a(lib_a-mprec.o)
                0x0000000000008292                __mcmp
 .text.__mdiff  0x00000000000082ce      0x1a8 /usr/local/bin/../lib/gcc/riscv-wch-elf/12.2.0/../../../../riscv-wch-elf/lib/libc.a(lib_a-mprec.o)
                0x00000000000082ce                __mdiff
 .text.__d2b    0x0000000000008476       0xec /usr/local/bin/../lib/gcc/riscv-wch-elf/12.2.0/../../../../riscv-wch-elf/lib/libc.a(lib_a-mprec.o)
                0x0000000000008476                __d2b
 .text._realloc_r
                0x0000000000008562      0x3d0 /usr/local/bin/../lib/gcc/riscv-wch-elf/12.2.0/../../../../riscv-wch-elf/lib/libc.a(lib_a-reallocr.o)
                0x0000000000008562                _realloc_r
 .text._sbrk_r  0x0000000000008932       0x30 /usr/local/bin/../lib/gcc/riscv-wch-elf/12.2.0/../../../../riscv-wch-elf/lib/libc.a(lib_a-sbrkr.o)
                0x0000000000008932                _sbrk_r
 .text.frexp    0x0000000000008962       0x7a /usr/local/bin/../lib/gcc/riscv-wch-elf/12.2.0/../../../../riscv-wch-elf/lib/libc.a(lib_a-s_frexp.o)
                0x0000000000008962                frexp
 .text.__sread  0x00000000000089dc       0x38 /usr/local/bin/../lib/gcc/riscv-wch-elf/12.2.0/../../../../riscv-wch-elf/lib/libc.a(lib_a-stdio.o)
                0x00000000000089dc                __sread
 .text.__swrite
                0x0000000000008a14       0x54 /usr/local/bin/../lib/gcc/riscv-wch-elf/12.2.0/../../../../riscv-wch-elf/lib/libc.a(lib_a-stdio.o)
                0x0000000000008a14                __swrite
 .text.__sseek  0x0000000000008a68       0x4a /usr/local/bin/../lib/gcc/riscv-wch-elf/12.2.0/../../../../riscv-wch-elf/lib/libc.a(lib_a-stdio.o)
                0x0000000000008a68                __sseek
 .text.__sclose
                0x0000000000008ab2        0x8 /usr/local/bin/../lib/gcc/riscv-wch-elf/12.2.0/../../../../riscv-wch-elf/lib/libc.a(lib_a-stdio.o)
                0x0000000000008ab2                __sclose
 .text.strncpy  0x0000000000008aba       0x7c /usr/local/bin/../lib/gcc/riscv-wch-elf/12.2.0/../../../../riscv-wch-elf/lib/libc.a(lib_a-strncpy.o)
                0x0000000000008aba                strncpy
 .text.__sprint_r.part.0
                0x0000000000008b36       0x98 /usr/local/bin/../lib/gcc/riscv-wch-elf/12.2.0/../../../../riscv-wch-elf/lib/libc.a(lib_a-vfiprintf.o)
 .text.__sprint_r
                0x0000000000008bce        0xe /usr/local/bin/../lib/gcc/riscv-wch-elf/12.2.0/../../../../riscv-wch-elf/lib/libc.a(lib_a-vfiprintf.o)
                0x0000000000008bce                __sprint_r
 .text._vfiprintf_r
                0x0000000000008bdc     0x10e6 /usr/local/bin/../lib/gcc/riscv-wch-elf/12.2.0/../../../../riscv-wch-elf/lib/libc.a(lib_a-vfiprintf.o)
                0x0000000000008bdc                _vfiprintf_r
 .text.__sbprintf
                0x0000000000009cc2       0xb2 /usr/local/bin/../lib/gcc/riscv-wch-elf/12.2.0/../../../../riscv-wch-elf/lib/libc.a(lib_a-vfiprintf.o)
 .text._wcsnrtombs_l
                0x0000000000009d74      0x120 /usr/local/bin/../lib/gcc/riscv-wch-elf/12.2.0/../../../../riscv-wch-elf/lib/libc.a(lib_a-wcsnrtombs.o)
                0x0000000000009d74                _wcsnrtombs_l
 .text._wcsnrtombs_r
                0x0000000000009e94       0x10 /usr/local/bin/../lib/gcc/riscv-wch-elf/12.2.0/../../../../riscv-wch-elf/lib/libc.a(lib_a-wcsnrtombs.o)
                0x0000000000009e94                _wcsnrtombs_r
 .text.__ascii_wctomb
                0x0000000000009ea4       0x20 /usr/local/bin/../lib/gcc/riscv-wch-elf/12.2.0/../../../../riscv-wch-elf/lib/libc.a(lib_a-wctomb_r.o)
                0x0000000000009ea4                __ascii_wctomb
 .text._write_r
                0x0000000000009ec4       0x36 /usr/local/bin/../lib/gcc/riscv-wch-elf/12.2.0/../../../../riscv-wch-elf/lib/libc.a(lib_a-writer.o)
                0x0000000000009ec4                _write_r
 .text.__assert_func
                0x0000000000009efa       0x3c /usr/local/bin/../lib/gcc/riscv-wch-elf/12.2.0/../../../../riscv-wch-elf/lib/libc.a(lib_a-assert.o)
                0x0000000000009efa                __assert_func
 .text._calloc_r
                0x0000000000009f36       0xa6 /usr/local/bin/../lib/gcc/riscv-wch-elf/12.2.0/../../../../riscv-wch-elf/lib/libc.a(lib_a-callocr.o)
                0x0000000000009f36                _calloc_r
 .text._close_r
                0x0000000000009fdc       0x2e /usr/local/bin/../lib/gcc/riscv-wch-elf/12.2.0/../../../../riscv-wch-elf/lib/libc.a(lib_a-closer.o)
                0x0000000000009fdc                _close_r
 .text.__errno  0x000000000000a00a        0x6 /usr/local/bin/../lib/gcc/riscv-wch-elf/12.2.0/../../../../riscv-wch-elf/lib/libc.a(lib_a-errno.o)
                0x000000000000a00a                __errno
 .text._fclose_r
                0x000000000000a010       0xee /usr/local/bin/../lib/gcc/riscv-wch-elf/12.2.0/../../../../riscv-wch-elf/lib/libc.a(lib_a-fclose.o)
                0x000000000000a010                _fclose_r
 .text.fiprintf
                0x000000000000a0fe       0x2a /usr/local/bin/../lib/gcc/riscv-wch-elf/12.2.0/../../../../riscv-wch-elf/lib/libc.a(lib_a-fiprintf.o)
                0x000000000000a0fe                fiprintf
 .text.__fputwc
                0x000000000000a128       0xbe /usr/local/bin/../lib/gcc/riscv-wch-elf/12.2.0/../../../../riscv-wch-elf/lib/libc.a(lib_a-fputwc.o)
                0x000000000000a128                __fputwc
 .text._fputwc_r
                0x000000000000a1e6       0x7e /usr/local/bin/../lib/gcc/riscv-wch-elf/12.2.0/../../../../riscv-wch-elf/lib/libc.a(lib_a-fputwc.o)
                0x000000000000a1e6                _fputwc_r
 .text._fstat_r
                0x000000000000a264       0x32 /usr/local/bin/../lib/gcc/riscv-wch-elf/12.2.0/../../../../riscv-wch-elf/lib/libc.a(lib_a-fstatr.o)
                0x000000000000a264                _fstat_r
 .text._isatty_r
                0x000000000000a296       0x2e /usr/local/bin/../lib/gcc/riscv-wch-elf/12.2.0/../../../../riscv-wch-elf/lib/libc.a(lib_a-isattyr.o)
                0x000000000000a296                _isatty_r
 .text._lseek_r
                0x000000000000a2c4       0x34 /usr/local/bin/../lib/gcc/riscv-wch-elf/12.2.0/../../../../riscv-wch-elf/lib/libc.a(lib_a-lseekr.o)
                0x000000000000a2c4                _lseek_r
 .text._read_r  0x000000000000a2f8       0x34 /usr/local/bin/../lib/gcc/riscv-wch-elf/12.2.0/../../../../riscv-wch-elf/lib/libc.a(lib_a-readr.o)
                0x000000000000a2f8                _read_r
 .text.__swbuf_r
                0x000000000000a32c       0xf2 /usr/local/bin/../lib/gcc/riscv-wch-elf/12.2.0/../../../../riscv-wch-elf/lib/libc.a(lib_a-wbuf.o)
                0x000000000000a32c                __swbuf_r
 .text.abort    0x000000000000a41e        0xc /usr/local/bin/../lib/gcc/riscv-wch-elf/12.2.0/../../../../riscv-wch-elf/lib/libc.a(lib_a-abort.o)
                0x000000000000a41e                abort
 .text.raise    0x000000000000a42a       0x6e /usr/local/bin/../lib/gcc/riscv-wch-elf/12.2.0/../../../../riscv-wch-elf/lib/libc.a(lib_a-signal.o)
                0x000000000000a42a                raise
 .text._kill_r  0x000000000000a498       0x32 /usr/local/bin/../lib/gcc/riscv-wch-elf/12.2.0/../../../../riscv-wch-elf/lib/libc.a(lib_a-signalr.o)
                0x000000000000a498                _kill_r
 .text._getpid_r
                0x000000000000a4ca        0x2 /usr/local/bin/../lib/gcc/riscv-wch-elf/12.2.0/../../../../riscv-wch-elf/lib/libc.a(lib_a-signalr.o)
                0x000000000000a4ca                _getpid_r
 .text._close   0x000000000000a4cc        0xc /usr/local/bin/../lib/gcc/riscv-wch-elf/12.2.0/../../../../riscv-wch-elf/lib/libnosys.a(close.o)
                0x000000000000a4cc                _close
 .text._fstat   0x000000000000a4d8        0xc /usr/local/bin/../lib/gcc/riscv-wch-elf/12.2.0/../../../../riscv-wch-elf/lib/libnosys.a(fstat.o)
                0x000000000000a4d8                _fstat
 .text._getpid  0x000000000000a4e4        0xc /usr/local/bin/../lib/gcc/riscv-wch-elf/12.2.0/../../../../riscv-wch-elf/lib/libnosys.a(getpid.o)
                0x000000000000a4e4                _getpid
 .text._isatty  0x000000000000a4f0        0xc /usr/local/bin/../lib/gcc/riscv-wch-elf/12.2.0/../../../../riscv-wch-elf/lib/libnosys.a(isatty.o)
                0x000000000000a4f0                _isatty
 .text._kill    0x000000000000a4fc        0xc /usr/local/bin/../lib/gcc/riscv-wch-elf/12.2.0/../../../../riscv-wch-elf/lib/libnosys.a(kill.o)
                0x000000000000a4fc                _kill
 .text._lseek   0x000000000000a508        0xc /usr/local/bin/../lib/gcc/riscv-wch-elf/12.2.0/../../../../riscv-wch-elf/lib/libnosys.a(lseek.o)
                0x000000000000a508                _lseek
 .text._read    0x000000000000a514        0xc /usr/local/bin/../lib/gcc/riscv-wch-elf/12.2.0/../../../../riscv-wch-elf/lib/libnosys.a(read.o)
                0x000000000000a514                _read
 .text._exit    0x000000000000a520        0x2 /usr/local/bin/../lib/gcc/riscv-wch-elf/12.2.0/../../../../riscv-wch-elf/lib/libnosys.a(_exit.o)
                0x000000000000a520                _exit
 .text.__adddf3
                0x000000000000a522      0x6e8 /usr/local/bin/../lib/gcc/riscv-wch-elf/12.2.0/libgcc.a(adddf3.o)
                0x000000000000a522                __adddf3
 .text.__divdf3
                0x000000000000ac0a      0x5ae /usr/local/bin/../lib/gcc/riscv-wch-elf/12.2.0/libgcc.a(divdf3.o)
                0x000000000000ac0a                __divdf3
 .text.__eqdf2  0x000000000000b1b8       0x6c /usr/local/bin/../lib/gcc/riscv-wch-elf/12.2.0/libgcc.a(eqdf2.o)
                0x000000000000b1b8                __eqdf2
                0x000000000000b1b8                __nedf2
 .text.__gedf2  0x000000000000b224       0xbe /usr/local/bin/../lib/gcc/riscv-wch-elf/12.2.0/libgcc.a(gedf2.o)
                0x000000000000b224                __gtdf2
                0x000000000000b224                __gedf2
 .text.__ledf2  0x000000000000b2e2       0xbc /usr/local/bin/../lib/gcc/riscv-wch-elf/12.2.0/libgcc.a(ledf2.o)
                0x000000000000b2e2                __ltdf2
                0x000000000000b2e2                __ledf2
 .text.__muldf3
                0x000000000000b39e      0x54a /usr/local/bin/../lib/gcc/riscv-wch-elf/12.2.0/libgcc.a(muldf3.o)
                0x000000000000b39e                __muldf3
 .text.__subdf3
                0x000000000000b8e8      0x736 /usr/local/bin/../lib/gcc/riscv-wch-elf/12.2.0/libgcc.a(subdf3.o)
                0x000000000000b8e8                __subdf3
 .text.__unorddf2
                0x000000000000c01e       0x3e /usr/local/bin/../lib/gcc/riscv-wch-elf/12.2.0/libgcc.a(unorddf2.o)
                0x000000000000c01e                __unorddf2
 .text.__fixdfsi
                0x000000000000c05c       0x66 /usr/local/bin/../lib/gcc/riscv-wch-elf/12.2.0/libgcc.a(fixdfsi.o)
                0x000000000000c05c                __fixdfsi
 .text.__floatsidf
                0x000000000000c0c2       0x6e /usr/local/bin/../lib/gcc/riscv-wch-elf/12.2.0/libgcc.a(floatsidf.o)
                0x000000000000c0c2                __floatsidf
 .text.__floatunsidf
                0x000000000000c130       0x6e /usr/local/bin/../lib/gcc/riscv-wch-elf/12.2.0/libgcc.a(floatunsidf.o)
                0x000000000000c130                __floatunsidf
 .text.__trunctfdf2
                0x000000000000c19e      0x286 /usr/local/bin/../lib/gcc/riscv-wch-elf/12.2.0/libgcc.a(trunctfdf2.o)
                0x000000000000c19e                __trunctfdf2
 .text.__clzsi2
                0x000000000000c424       0x6e /usr/local/bin/../lib/gcc/riscv-wch-elf/12.2.0/libgcc.a(_clzsi2.o)
                0x000000000000c424                __clzsi2
 *(.rodata)
 *fill*         0x000000000000c492        0x2 
 .rodata        0x000000000000c494       0x38 obj/Debug/main.o
 *(.rodata*)
 .rodata._puts_r.str1.4
                0x000000000000c4cc        0x2 /usr/local/bin/../lib/gcc/riscv-wch-elf/12.2.0/../../../../riscv-wch-elf/lib/libc.a(lib_a-puts.o)
 *fill*         0x000000000000c4ce        0x2 
 .rodata._vfprintf_r.str1.4
                0x000000000000c4d0       0x42 /usr/local/bin/../lib/gcc/riscv-wch-elf/12.2.0/../../../../riscv-wch-elf/lib/libc.a(lib_a-vfprintf.o)
 *fill*         0x000000000000c512        0x2 
 .rodata._vfprintf_r
                0x000000000000c514      0x204 /usr/local/bin/../lib/gcc/riscv-wch-elf/12.2.0/../../../../riscv-wch-elf/lib/libc.a(lib_a-vfprintf.o)
 .rodata.zeroes.0
                0x000000000000c718       0x10 /usr/local/bin/../lib/gcc/riscv-wch-elf/12.2.0/../../../../riscv-wch-elf/lib/libc.a(lib_a-vfprintf.o)
 .rodata.blanks.1
                0x000000000000c728       0x10 /usr/local/bin/../lib/gcc/riscv-wch-elf/12.2.0/../../../../riscv-wch-elf/lib/libc.a(lib_a-vfprintf.o)
 .rodata._dtoa_r.str1.4
                0x000000000000c738       0x95 /usr/local/bin/../lib/gcc/riscv-wch-elf/12.2.0/../../../../riscv-wch-elf/lib/libc.a(lib_a-dtoa.o)
                                         0x99 (size before relaxing)
 *fill*         0x000000000000c7cd        0x3 
 .rodata.str1.4
                0x000000000000c7d0       0x48 /usr/local/bin/../lib/gcc/riscv-wch-elf/12.2.0/../../../../riscv-wch-elf/lib/libc.a(lib_a-locale.o)
                                         0x4c (size before relaxing)
 .rodata.__multadd.str1.4
                0x000000000000c818       0x72 /usr/local/bin/../lib/gcc/riscv-wch-elf/12.2.0/../../../../riscv-wch-elf/lib/libc.a(lib_a-mprec.o)
                                         0x86 (size before relaxing)
 *fill*         0x000000000000c88a        0x2 
 .rodata.p05.0  0x000000000000c88c        0xc /usr/local/bin/../lib/gcc/riscv-wch-elf/12.2.0/../../../../riscv-wch-elf/lib/libc.a(lib_a-mprec.o)
 *fill*         0x000000000000c898        0x0 
 .rodata.__mprec_bigtens
                0x000000000000c898       0x28 /usr/local/bin/../lib/gcc/riscv-wch-elf/12.2.0/../../../../riscv-wch-elf/lib/libc.a(lib_a-mprec.o)
                0x000000000000c898                __mprec_bigtens
 .rodata.__mprec_tens
                0x000000000000c8c0       0xc8 /usr/local/bin/../lib/gcc/riscv-wch-elf/12.2.0/../../../../riscv-wch-elf/lib/libc.a(lib_a-mprec.o)
                0x000000000000c8c0                __mprec_tens
 .rodata._vfiprintf_r.str1.4
                0x000000000000c988       0x2f /usr/local/bin/../lib/gcc/riscv-wch-elf/12.2.0/../../../../riscv-wch-elf/lib/libc.a(lib_a-vfiprintf.o)
 .rodata._vfiprintf_r
                0x000000000000c988      0x16c /usr/local/bin/../lib/gcc/riscv-wch-elf/12.2.0/../../../../riscv-wch-elf/lib/libc.a(lib_a-vfiprintf.o)
 .rodata.zeroes.0
                0x000000000000caf4       0x10 /usr/local/bin/../lib/gcc/riscv-wch-elf/12.2.0/../../../../riscv-wch-elf/lib/libc.a(lib_a-vfiprintf.o)
 .rodata.blanks.1
                0x000000000000cb04       0x10 /usr/local/bin/../lib/gcc/riscv-wch-elf/12.2.0/../../../../riscv-wch-elf/lib/libc.a(lib_a-vfiprintf.o)
 .rodata.__assert_func.str1.4
                0x000000000000cb14       0x3f /usr/local/bin/../lib/gcc/riscv-wch-elf/12.2.0/../../../../riscv-wch-elf/lib/libc.a(lib_a-assert.o)
                                         0x43 (size before relaxing)
 *fill*         0x000000000000cb53        0x1 
 .rodata._ctype_
                0x000000000000cb54      0x101 /usr/local/bin/../lib/gcc/riscv-wch-elf/12.2.0/../../../../riscv-wch-elf/lib/libc.a(lib_a-ctype_.o)
                0x000000000000cb54                _ctype_
 *fill*         0x000000000000cc55        0x3 
 .rodata.__divdf3
                0x000000000000cc58       0x40 /usr/local/bin/../lib/gcc/riscv-wch-elf/12.2.0/libgcc.a(divdf3.o)
 .rodata.__clz_tab
                0x000000000000cc98      0x100 /usr/local/bin/../lib/gcc/riscv-wch-elf/12.2.0/libgcc.a(_clz.o)
                0x000000000000cc98                __clz_tab
 *(.gnu.linkonce.t.*)
                0x000000000000cd98                . = ALIGN (0x4)

.rela.dyn       0x000000000000cd98        0x0
 .rela.text     0x000000000000cd98        0x0 obj/Debug/debug.o
 .rela.sdata    0x000000000000cd98        0x0 obj/Debug/debug.o
 .rela.init     0x000000000000cd98        0x0 obj/Debug/debug.o
 .rela.vector   0x000000000000cd98        0x0 obj/Debug/debug.o
 .rela.text.handle_reset
                0x000000000000cd98        0x0 obj/Debug/debug.o

.fini           0x000000000000cd98        0x0
 *(SORT_NONE(.fini))
                0x000000000000cd98                . = ALIGN (0x4)
                [!provide]                        PROVIDE (_etext = .)
                [!provide]                        PROVIDE (_eitcm = .)

.preinit_array  0x000000000000cd98        0x0
                [!provide]                        PROVIDE (__preinit_array_start = .)
 *(.preinit_array)
                [!provide]                        PROVIDE (__preinit_array_end = .)

.init_array     0x000000000000cd98        0x0
                [!provide]                        PROVIDE (__init_array_start = .)
 *(SORT_BY_INIT_PRIORITY(.init_array.*) SORT_BY_INIT_PRIORITY(.ctors.*))
 *(.init_array EXCLUDE_FILE(*crtend?.o *crtend.o *crtbegin?.o *crtbegin.o) .ctors)
                [!provide]                        PROVIDE (__init_array_end = .)

.fini_array     0x000000000000cd98        0x0
                [!provide]                        PROVIDE (__fini_array_start = .)
 *(SORT_BY_INIT_PRIORITY(.fini_array.*) SORT_BY_INIT_PRIORITY(.dtors.*))
 *(.fini_array EXCLUDE_FILE(*crtend?.o *crtend.o *crtbegin?.o *crtbegin.o) .dtors)
                [!provide]                        PROVIDE (__fini_array_end = .)

.ctors
 *crtbegin.o(.ctors)
 *crtbegin?.o(.ctors)
 *(EXCLUDE_FILE(*crtend?.o *crtend.o) .ctors)
 *(SORT_BY_NAME(.ctors.*))
 *(.ctors)

.dtors
 *crtbegin.o(.dtors)
 *crtbegin?.o(.dtors)
 *(EXCLUDE_FILE(*crtend?.o *crtend.o) .dtors)
 *(SORT_BY_NAME(.dtors.*))
 *(.dtors)

.dalign         0x0000000020000000        0x0 load address 0x000000000000cd98
                0x0000000020000000                . = ALIGN (0x4)
                0x0000000020000000                PROVIDE (_data_vma = .)

.dlalign        0x000000000000cd98        0x0
                0x000000000000cd98                . = ALIGN (0x4)
                0x000000000000cd98                PROVIDE (_data_lma = .)

.data           0x0000000020000000      0xa40 load address 0x000000000000cd98
 *(.gnu.linkonce.r.*)
 *(.data .data.*)
 .data          0x0000000020000000       0x10 obj/Debug/ch32v30x_rcc.o
 .data          0x0000000020000010       0x10 obj/Debug/system_ch32v30x.o
                0x0000000020000010                AHBPrescTable
 .data.impure_data
                0x0000000020000020      0x428 /usr/local/bin/../lib/gcc/riscv-wch-elf/12.2.0/../../../../riscv-wch-elf/lib/libc.a(lib_a-impure.o)
 .data.__global_locale
                0x0000000020000448      0x16c /usr/local/bin/../lib/gcc/riscv-wch-elf/12.2.0/../../../../riscv-wch-elf/lib/libc.a(lib_a-locale.o)
                0x0000000020000448                __global_locale
 .data.__malloc_av_
                0x00000000200005b4      0x408 /usr/local/bin/../lib/gcc/riscv-wch-elf/12.2.0/../../../../riscv-wch-elf/lib/libc.a(lib_a-mallocr.o)
                0x00000000200005b4                __malloc_av_
 *(.gnu.linkonce.d.*)
                0x00000000200009c0                . = ALIGN (0x8)
 *fill*         0x00000000200009bc        0x4 
                0x00000000200011c0                PROVIDE (__global_pointer$ = (. + 0x800))
 *(.sdata .sdata.*)
 .sdata         0x00000000200009c0        0x4 obj/Debug/debug.o
 .sdata         0x00000000200009c4        0x4 obj/Debug/ch32v30x_rcc.o
 .sdata         0x00000000200009c8        0x4 obj/Debug/system_ch32v30x.o
                0x00000000200009c8                SystemCoreClock
 .sdata._impure_ptr
                0x00000000200009cc        0x4 /usr/local/bin/../lib/gcc/riscv-wch-elf/12.2.0/../../../../riscv-wch-elf/lib/libc.a(lib_a-impure.o)
                0x00000000200009cc                _impure_ptr
 .sdata.__malloc_sbrk_base
                0x00000000200009d0        0x4 /usr/local/bin/../lib/gcc/riscv-wch-elf/12.2.0/../../../../riscv-wch-elf/lib/libc.a(lib_a-mallocr.o)
                0x00000000200009d0                __malloc_sbrk_base
 .sdata.__malloc_trim_threshold
                0x00000000200009d4        0x4 /usr/local/bin/../lib/gcc/riscv-wch-elf/12.2.0/../../../../riscv-wch-elf/lib/libc.a(lib_a-mallocr.o)
                0x00000000200009d4                __malloc_trim_threshold
 *(.sdata2.*)
 *(.gnu.linkonce.s.*)
                0x00000000200009d8                . = ALIGN (0x8)
 *(.srodata.cst16)
 *(.srodata.cst8)
 .srodata.cst8  0x00000000200009d8       0x20 /usr/local/bin/../lib/gcc/riscv-wch-elf/12.2.0/../../../../riscv-wch-elf/lib/libc.a(lib_a-vfprintf.o)
 .srodata.cst8  0x00000000200009f8       0x40 /usr/local/bin/../lib/gcc/riscv-wch-elf/12.2.0/../../../../riscv-wch-elf/lib/libc.a(lib_a-dtoa.o)
                                         0x48 (size before relaxing)
 .srodata.cst8  0x0000000020000a38        0x8 /usr/local/bin/../lib/gcc/riscv-wch-elf/12.2.0/../../../../riscv-wch-elf/lib/libc.a(lib_a-s_frexp.o)
 *(.srodata.cst4)
 *(.srodata.cst2)
 *(.srodata .srodata.*)
                0x0000000020000a40                . = ALIGN (0x4)
                0x0000000020000a40                PROVIDE (_edata = .)

.bss            0x0000000020000a40       0x4c load address 0x000000000000d7d8
                0x0000000020000a40                . = ALIGN (0x4)
                0x0000000020000a40                PROVIDE (_sbss = .)
 *(.sbss*)
 .sbss          0x0000000020000a40        0x4 obj/Debug/ch32v30x_misc.o
                0x0000000020000a40                NVIC_Priority_Group
 .sbss.__lock___malloc_recursive_mutex
                0x0000000020000a44        0x1 /usr/local/bin/../lib/gcc/riscv-wch-elf/12.2.0/../../../../riscv-wch-elf/lib/libc.a(lib_a-lock.o)
                0x0000000020000a44                __lock___malloc_recursive_mutex
 *fill*         0x0000000020000a45        0x3 
 .sbss.__lock___sfp_recursive_mutex
                0x0000000020000a48        0x1 /usr/local/bin/../lib/gcc/riscv-wch-elf/12.2.0/../../../../riscv-wch-elf/lib/libc.a(lib_a-lock.o)
                0x0000000020000a48                __lock___sfp_recursive_mutex
 *fill*         0x0000000020000a49        0x3 
 .sbss.__lock___sinit_recursive_mutex
                0x0000000020000a4c        0x1 /usr/local/bin/../lib/gcc/riscv-wch-elf/12.2.0/../../../../riscv-wch-elf/lib/libc.a(lib_a-lock.o)
                0x0000000020000a4c                __lock___sinit_recursive_mutex
 *fill*         0x0000000020000a4d        0x3 
 .sbss.__malloc_max_total_mem
                0x0000000020000a50        0x4 /usr/local/bin/../lib/gcc/riscv-wch-elf/12.2.0/../../../../riscv-wch-elf/lib/libc.a(lib_a-mallocr.o)
                0x0000000020000a50                __malloc_max_total_mem
 .sbss.__malloc_max_sbrked_mem
                0x0000000020000a54        0x4 /usr/local/bin/../lib/gcc/riscv-wch-elf/12.2.0/../../../../riscv-wch-elf/lib/libc.a(lib_a-mallocr.o)
                0x0000000020000a54                __malloc_max_sbrked_mem
 .sbss.__malloc_top_pad
                0x0000000020000a58        0x4 /usr/local/bin/../lib/gcc/riscv-wch-elf/12.2.0/../../../../riscv-wch-elf/lib/libc.a(lib_a-mallocr.o)
                0x0000000020000a58                __malloc_top_pad
 .sbss.errno    0x0000000020000a5c        0x4 /usr/local/bin/../lib/gcc/riscv-wch-elf/12.2.0/../../../../riscv-wch-elf/lib/libc.a(lib_a-reent.o)
                0x0000000020000a5c                errno
 *(.gnu.linkonce.sb.*)
 *(.bss*)
 .bss           0x0000000020000a60        0x4 obj/Debug/debug.o
 .bss.__malloc_current_mallinfo
                0x0000000020000a64       0x28 /usr/local/bin/../lib/gcc/riscv-wch-elf/12.2.0/../../../../riscv-wch-elf/lib/libc.a(lib_a-mallocr.o)
                0x0000000020000a64                __malloc_current_mallinfo
 *(.gnu.linkonce.b.*)
 *(COMMON*)
                0x0000000020000a8c                . = ALIGN (0x4)
                0x0000000020000a8c                PROVIDE (_ebss = .)
                0x0000000020000a8c                PROVIDE (_end = _ebss)
                [!provide]                        PROVIDE (end = .)

.stack          0x0000000020007800      0x800
                0x0000000020007800                PROVIDE (_heap_end = .)
                0x0000000020007800                . = ALIGN (0x4)
                [!provide]                        PROVIDE (_susrstack = .)
                0x0000000020008000                . = (. + __stack_size)
 *fill*         0x0000000020007800      0x800 
                0x0000000020008000                PROVIDE (_eusrstack = .)
OUTPUT(bin/Debug/Template elf32-littleriscv)

.comment        0x0000000000000000       0x33
 .comment       0x0000000000000000       0x33 obj/Debug/debug.o
                                         0x34 (size before relaxing)
 .comment       0x0000000000000033       0x34 obj/Debug/ch32v30x_dbgmcu.o
 .comment       0x0000000000000033       0x34 obj/Debug/ch32v30x_gpio.o
 .comment       0x0000000000000033       0x34 obj/Debug/ch32v30x_misc.o
 .comment       0x0000000000000033       0x34 obj/Debug/ch32v30x_rcc.o
 .comment       0x0000000000000033       0x34 obj/Debug/ch32v30x_usart.o
 .comment       0x0000000000000033       0x34 obj/Debug/ch32v30x_it.o
 .comment       0x0000000000000033       0x34 obj/Debug/main.o
 .comment       0x0000000000000033       0x34 obj/Debug/system_ch32v30x.o
 .comment       0x0000000000000033       0x34 /usr/local/bin/../lib/gcc/riscv-wch-elf/12.2.0/../../../../riscv-wch-elf/lib/libc.a(lib_a-printf.o)
 .comment       0x0000000000000033       0x34 /usr/local/bin/../lib/gcc/riscv-wch-elf/12.2.0/../../../../riscv-wch-elf/lib/libc.a(lib_a-puts.o)
 .comment       0x0000000000000033       0x34 /usr/local/bin/../lib/gcc/riscv-wch-elf/12.2.0/../../../../riscv-wch-elf/lib/libc.a(lib_a-strlen.o)
 .comment       0x0000000000000033       0x34 /usr/local/bin/../lib/gcc/riscv-wch-elf/12.2.0/../../../../riscv-wch-elf/lib/libc.a(lib_a-vfprintf.o)
 .comment       0x0000000000000033       0x34 /usr/local/bin/../lib/gcc/riscv-wch-elf/12.2.0/../../../../riscv-wch-elf/lib/libc.a(lib_a-wcrtomb.o)
 .comment       0x0000000000000033       0x34 /usr/local/bin/../lib/gcc/riscv-wch-elf/12.2.0/../../../../riscv-wch-elf/lib/libc.a(lib_a-wcsrtombs.o)
 .comment       0x0000000000000033       0x34 /usr/local/bin/../lib/gcc/riscv-wch-elf/12.2.0/../../../../riscv-wch-elf/lib/libc.a(lib_a-wsetup.o)
 .comment       0x0000000000000033       0x34 /usr/local/bin/../lib/gcc/riscv-wch-elf/12.2.0/../../../../riscv-wch-elf/lib/libc.a(lib_a-dtoa.o)
 .comment       0x0000000000000033       0x34 /usr/local/bin/../lib/gcc/riscv-wch-elf/12.2.0/../../../../riscv-wch-elf/lib/libc.a(lib_a-fflush.o)
 .comment       0x0000000000000033       0x34 /usr/local/bin/../lib/gcc/riscv-wch-elf/12.2.0/../../../../riscv-wch-elf/lib/libc.a(lib_a-findfp.o)
 .comment       0x0000000000000033       0x34 /usr/local/bin/../lib/gcc/riscv-wch-elf/12.2.0/../../../../riscv-wch-elf/lib/libc.a(lib_a-freer.o)
 .comment       0x0000000000000033       0x34 /usr/local/bin/../lib/gcc/riscv-wch-elf/12.2.0/../../../../riscv-wch-elf/lib/libc.a(lib_a-fvwrite.o)
 .comment       0x0000000000000033       0x34 /usr/local/bin/../lib/gcc/riscv-wch-elf/12.2.0/../../../../riscv-wch-elf/lib/libc.a(lib_a-fwalk.o)
 .comment       0x0000000000000033       0x34 /usr/local/bin/../lib/gcc/riscv-wch-elf/12.2.0/../../../../riscv-wch-elf/lib/libc.a(lib_a-impure.o)
 .comment       0x0000000000000033       0x34 /usr/local/bin/../lib/gcc/riscv-wch-elf/12.2.0/../../../../riscv-wch-elf/lib/libc.a(lib_a-localeconv.o)
 .comment       0x0000000000000033       0x34 /usr/local/bin/../lib/gcc/riscv-wch-elf/12.2.0/../../../../riscv-wch-elf/lib/libc.a(lib_a-locale.o)
 .comment       0x0000000000000033       0x34 /usr/local/bin/../lib/gcc/riscv-wch-elf/12.2.0/../../../../riscv-wch-elf/lib/libc.a(lib_a-lock.o)
 .comment       0x0000000000000033       0x34 /usr/local/bin/../lib/gcc/riscv-wch-elf/12.2.0/../../../../riscv-wch-elf/lib/libc.a(lib_a-makebuf.o)
 .comment       0x0000000000000033       0x34 /usr/local/bin/../lib/gcc/riscv-wch-elf/12.2.0/../../../../riscv-wch-elf/lib/libc.a(lib_a-mallocr.o)
 .comment       0x0000000000000033       0x34 /usr/local/bin/../lib/gcc/riscv-wch-elf/12.2.0/../../../../riscv-wch-elf/lib/libc.a(lib_a-mbtowc_r.o)
 .comment       0x0000000000000033       0x34 /usr/local/bin/../lib/gcc/riscv-wch-elf/12.2.0/../../../../riscv-wch-elf/lib/libc.a(lib_a-memchr.o)
 .comment       0x0000000000000033       0x34 /usr/local/bin/../lib/gcc/riscv-wch-elf/12.2.0/../../../../riscv-wch-elf/lib/libc.a(lib_a-memcpy.o)
 .comment       0x0000000000000033       0x34 /usr/local/bin/../lib/gcc/riscv-wch-elf/12.2.0/../../../../riscv-wch-elf/lib/libc.a(lib_a-memmove-stub.o)
 .comment       0x0000000000000033       0x34 /usr/local/bin/../lib/gcc/riscv-wch-elf/12.2.0/../../../../riscv-wch-elf/lib/libc.a(lib_a-mlock.o)
 .comment       0x0000000000000033       0x34 /usr/local/bin/../lib/gcc/riscv-wch-elf/12.2.0/../../../../riscv-wch-elf/lib/libc.a(lib_a-mprec.o)
 .comment       0x0000000000000033       0x34 /usr/local/bin/../lib/gcc/riscv-wch-elf/12.2.0/../../../../riscv-wch-elf/lib/libc.a(lib_a-reallocr.o)
 .comment       0x0000000000000033       0x34 /usr/local/bin/../lib/gcc/riscv-wch-elf/12.2.0/../../../../riscv-wch-elf/lib/libc.a(lib_a-sbrkr.o)
 .comment       0x0000000000000033       0x34 /usr/local/bin/../lib/gcc/riscv-wch-elf/12.2.0/../../../../riscv-wch-elf/lib/libc.a(lib_a-s_frexp.o)
 .comment       0x0000000000000033       0x34 /usr/local/bin/../lib/gcc/riscv-wch-elf/12.2.0/../../../../riscv-wch-elf/lib/libc.a(lib_a-stdio.o)
 .comment       0x0000000000000033       0x34 /usr/local/bin/../lib/gcc/riscv-wch-elf/12.2.0/../../../../riscv-wch-elf/lib/libc.a(lib_a-strncpy.o)
 .comment       0x0000000000000033       0x34 /usr/local/bin/../lib/gcc/riscv-wch-elf/12.2.0/../../../../riscv-wch-elf/lib/libc.a(lib_a-vfiprintf.o)
 .comment       0x0000000000000033       0x34 /usr/local/bin/../lib/gcc/riscv-wch-elf/12.2.0/../../../../riscv-wch-elf/lib/libc.a(lib_a-wcsnrtombs.o)
 .comment       0x0000000000000033       0x34 /usr/local/bin/../lib/gcc/riscv-wch-elf/12.2.0/../../../../riscv-wch-elf/lib/libc.a(lib_a-wctomb_r.o)
 .comment       0x0000000000000033       0x34 /usr/local/bin/../lib/gcc/riscv-wch-elf/12.2.0/../../../../riscv-wch-elf/lib/libc.a(lib_a-writer.o)
 .comment       0x0000000000000033       0x34 /usr/local/bin/../lib/gcc/riscv-wch-elf/12.2.0/../../../../riscv-wch-elf/lib/libc.a(lib_a-assert.o)
 .comment       0x0000000000000033       0x34 /usr/local/bin/../lib/gcc/riscv-wch-elf/12.2.0/../../../../riscv-wch-elf/lib/libc.a(lib_a-callocr.o)
 .comment       0x0000000000000033       0x34 /usr/local/bin/../lib/gcc/riscv-wch-elf/12.2.0/../../../../riscv-wch-elf/lib/libc.a(lib_a-closer.o)
 .comment       0x0000000000000033       0x34 /usr/local/bin/../lib/gcc/riscv-wch-elf/12.2.0/../../../../riscv-wch-elf/lib/libc.a(lib_a-ctype_.o)
 .comment       0x0000000000000033       0x34 /usr/local/bin/../lib/gcc/riscv-wch-elf/12.2.0/../../../../riscv-wch-elf/lib/libc.a(lib_a-errno.o)
 .comment       0x0000000000000033       0x34 /usr/local/bin/../lib/gcc/riscv-wch-elf/12.2.0/../../../../riscv-wch-elf/lib/libc.a(lib_a-fclose.o)
 .comment       0x0000000000000033       0x34 /usr/local/bin/../lib/gcc/riscv-wch-elf/12.2.0/../../../../riscv-wch-elf/lib/libc.a(lib_a-fiprintf.o)
 .comment       0x0000000000000033       0x34 /usr/local/bin/../lib/gcc/riscv-wch-elf/12.2.0/../../../../riscv-wch-elf/lib/libc.a(lib_a-fputwc.o)
 .comment       0x0000000000000033       0x34 /usr/local/bin/../lib/gcc/riscv-wch-elf/12.2.0/../../../../riscv-wch-elf/lib/libc.a(lib_a-fstatr.o)
 .comment       0x0000000000000033       0x34 /usr/local/bin/../lib/gcc/riscv-wch-elf/12.2.0/../../../../riscv-wch-elf/lib/libc.a(lib_a-isattyr.o)
 .comment       0x0000000000000033       0x34 /usr/local/bin/../lib/gcc/riscv-wch-elf/12.2.0/../../../../riscv-wch-elf/lib/libc.a(lib_a-lseekr.o)
 .comment       0x0000000000000033       0x34 /usr/local/bin/../lib/gcc/riscv-wch-elf/12.2.0/../../../../riscv-wch-elf/lib/libc.a(lib_a-readr.o)
 .comment       0x0000000000000033       0x34 /usr/local/bin/../lib/gcc/riscv-wch-elf/12.2.0/../../../../riscv-wch-elf/lib/libc.a(lib_a-reent.o)
 .comment       0x0000000000000033       0x34 /usr/local/bin/../lib/gcc/riscv-wch-elf/12.2.0/../../../../riscv-wch-elf/lib/libc.a(lib_a-wbuf.o)
 .comment       0x0000000000000033       0x34 /usr/local/bin/../lib/gcc/riscv-wch-elf/12.2.0/../../../../riscv-wch-elf/lib/libc.a(lib_a-abort.o)
 .comment       0x0000000000000033       0x34 /usr/local/bin/../lib/gcc/riscv-wch-elf/12.2.0/../../../../riscv-wch-elf/lib/libc.a(lib_a-signal.o)
 .comment       0x0000000000000033       0x34 /usr/local/bin/../lib/gcc/riscv-wch-elf/12.2.0/../../../../riscv-wch-elf/lib/libc.a(lib_a-signalr.o)
 .comment       0x0000000000000033       0x34 /usr/local/bin/../lib/gcc/riscv-wch-elf/12.2.0/../../../../riscv-wch-elf/lib/libnosys.a(close.o)
 .comment       0x0000000000000033       0x34 /usr/local/bin/../lib/gcc/riscv-wch-elf/12.2.0/../../../../riscv-wch-elf/lib/libnosys.a(fstat.o)
 .comment       0x0000000000000033       0x34 /usr/local/bin/../lib/gcc/riscv-wch-elf/12.2.0/../../../../riscv-wch-elf/lib/libnosys.a(getpid.o)
 .comment       0x0000000000000033       0x34 /usr/local/bin/../lib/gcc/riscv-wch-elf/12.2.0/../../../../riscv-wch-elf/lib/libnosys.a(isatty.o)
 .comment       0x0000000000000033       0x34 /usr/local/bin/../lib/gcc/riscv-wch-elf/12.2.0/../../../../riscv-wch-elf/lib/libnosys.a(kill.o)
 .comment       0x0000000000000033       0x34 /usr/local/bin/../lib/gcc/riscv-wch-elf/12.2.0/../../../../riscv-wch-elf/lib/libnosys.a(lseek.o)
 .comment       0x0000000000000033       0x34 /usr/local/bin/../lib/gcc/riscv-wch-elf/12.2.0/../../../../riscv-wch-elf/lib/libnosys.a(read.o)
 .comment       0x0000000000000033       0x34 /usr/local/bin/../lib/gcc/riscv-wch-elf/12.2.0/../../../../riscv-wch-elf/lib/libnosys.a(_exit.o)
 .comment       0x0000000000000033       0x34 /usr/local/bin/../lib/gcc/riscv-wch-elf/12.2.0/libgcc.a(adddf3.o)
 .comment       0x0000000000000033       0x34 /usr/local/bin/../lib/gcc/riscv-wch-elf/12.2.0/libgcc.a(divdf3.o)
 .comment       0x0000000000000033       0x34 /usr/local/bin/../lib/gcc/riscv-wch-elf/12.2.0/libgcc.a(eqdf2.o)
 .comment       0x0000000000000033       0x34 /usr/local/bin/../lib/gcc/riscv-wch-elf/12.2.0/libgcc.a(gedf2.o)
 .comment       0x0000000000000033       0x34 /usr/local/bin/../lib/gcc/riscv-wch-elf/12.2.0/libgcc.a(ledf2.o)
 .comment       0x0000000000000033       0x34 /usr/local/bin/../lib/gcc/riscv-wch-elf/12.2.0/libgcc.a(muldf3.o)
 .comment       0x0000000000000033       0x34 /usr/local/bin/../lib/gcc/riscv-wch-elf/12.2.0/libgcc.a(subdf3.o)
 .comment       0x0000000000000033       0x34 /usr/local/bin/../lib/gcc/riscv-wch-elf/12.2.0/libgcc.a(unorddf2.o)
 .comment       0x0000000000000033       0x34 /usr/local/bin/../lib/gcc/riscv-wch-elf/12.2.0/libgcc.a(fixdfsi.o)
 .comment       0x0000000000000033       0x34 /usr/local/bin/../lib/gcc/riscv-wch-elf/12.2.0/libgcc.a(floatsidf.o)
 .comment       0x0000000000000033       0x34 /usr/local/bin/../lib/gcc/riscv-wch-elf/12.2.0/libgcc.a(floatunsidf.o)
 .comment       0x0000000000000033       0x34 /usr/local/bin/../lib/gcc/riscv-wch-elf/12.2.0/libgcc.a(trunctfdf2.o)
 .comment       0x0000000000000033       0x34 /usr/local/bin/../lib/gcc/riscv-wch-elf/12.2.0/libgcc.a(_clzsi2.o)
 .comment       0x0000000000000033       0x34 /usr/local/bin/../lib/gcc/riscv-wch-elf/12.2.0/libgcc.a(_clz.o)

.riscv.attributes
                0x0000000000000000       0x34
 .riscv.attributes
                0x0000000000000000       0x34 obj/Debug/debug.o
 .riscv.attributes
                0x0000000000000034       0x34 obj/Debug/ch32v30x_dbgmcu.o
 .riscv.attributes
                0x0000000000000068       0x34 obj/Debug/ch32v30x_gpio.o
 .riscv.attributes
                0x000000000000009c       0x34 obj/Debug/ch32v30x_misc.o
 .riscv.attributes
                0x00000000000000d0       0x34 obj/Debug/ch32v30x_rcc.o
 .riscv.attributes
                0x0000000000000104       0x34 obj/Debug/ch32v30x_usart.o
 .riscv.attributes
                0x0000000000000138       0x32 obj/Debug/startup_ch32v30x_D8.o
 .riscv.attributes
                0x000000000000016a       0x34 obj/Debug/ch32v30x_it.o
 .riscv.attributes
                0x000000000000019e       0x34 obj/Debug/main.o
 .riscv.attributes
                0x00000000000001d2       0x34 obj/Debug/system_ch32v30x.o
 .riscv.attributes
                0x0000000000000206       0x34 /usr/local/bin/../lib/gcc/riscv-wch-elf/12.2.0/../../../../riscv-wch-elf/lib/libc.a(lib_a-printf.o)
 .riscv.attributes
                0x000000000000023a       0x34 /usr/local/bin/../lib/gcc/riscv-wch-elf/12.2.0/../../../../riscv-wch-elf/lib/libc.a(lib_a-puts.o)
 .riscv.attributes
                0x000000000000026e       0x34 /usr/local/bin/../lib/gcc/riscv-wch-elf/12.2.0/../../../../riscv-wch-elf/lib/libc.a(lib_a-strlen.o)
 .riscv.attributes
                0x00000000000002a2       0x34 /usr/local/bin/../lib/gcc/riscv-wch-elf/12.2.0/../../../../riscv-wch-elf/lib/libc.a(lib_a-vfprintf.o)
 .riscv.attributes
                0x00000000000002d6       0x34 /usr/local/bin/../lib/gcc/riscv-wch-elf/12.2.0/../../../../riscv-wch-elf/lib/libc.a(lib_a-wcrtomb.o)
 .riscv.attributes
                0x000000000000030a       0x34 /usr/local/bin/../lib/gcc/riscv-wch-elf/12.2.0/../../../../riscv-wch-elf/lib/libc.a(lib_a-wcsrtombs.o)
 .riscv.attributes
                0x000000000000033e       0x34 /usr/local/bin/../lib/gcc/riscv-wch-elf/12.2.0/../../../../riscv-wch-elf/lib/libc.a(lib_a-wsetup.o)
 .riscv.attributes
                0x0000000000000372       0x34 /usr/local/bin/../lib/gcc/riscv-wch-elf/12.2.0/../../../../riscv-wch-elf/lib/libc.a(lib_a-dtoa.o)
 .riscv.attributes
                0x00000000000003a6       0x34 /usr/local/bin/../lib/gcc/riscv-wch-elf/12.2.0/../../../../riscv-wch-elf/lib/libc.a(lib_a-fflush.o)
 .riscv.attributes
                0x00000000000003da       0x34 /usr/local/bin/../lib/gcc/riscv-wch-elf/12.2.0/../../../../riscv-wch-elf/lib/libc.a(lib_a-findfp.o)
 .riscv.attributes
                0x000000000000040e       0x34 /usr/local/bin/../lib/gcc/riscv-wch-elf/12.2.0/../../../../riscv-wch-elf/lib/libc.a(lib_a-freer.o)
 .riscv.attributes
                0x0000000000000442       0x34 /usr/local/bin/../lib/gcc/riscv-wch-elf/12.2.0/../../../../riscv-wch-elf/lib/libc.a(lib_a-fvwrite.o)
 .riscv.attributes
                0x0000000000000476       0x34 /usr/local/bin/../lib/gcc/riscv-wch-elf/12.2.0/../../../../riscv-wch-elf/lib/libc.a(lib_a-fwalk.o)
 .riscv.attributes
                0x00000000000004aa       0x34 /usr/local/bin/../lib/gcc/riscv-wch-elf/12.2.0/../../../../riscv-wch-elf/lib/libc.a(lib_a-impure.o)
 .riscv.attributes
                0x00000000000004de       0x34 /usr/local/bin/../lib/gcc/riscv-wch-elf/12.2.0/../../../../riscv-wch-elf/lib/libc.a(lib_a-localeconv.o)
 .riscv.attributes
                0x0000000000000512       0x34 /usr/local/bin/../lib/gcc/riscv-wch-elf/12.2.0/../../../../riscv-wch-elf/lib/libc.a(lib_a-locale.o)
 .riscv.attributes
                0x0000000000000546       0x34 /usr/local/bin/../lib/gcc/riscv-wch-elf/12.2.0/../../../../riscv-wch-elf/lib/libc.a(lib_a-lock.o)
 .riscv.attributes
                0x000000000000057a       0x34 /usr/local/bin/../lib/gcc/riscv-wch-elf/12.2.0/../../../../riscv-wch-elf/lib/libc.a(lib_a-makebuf.o)
 .riscv.attributes
                0x00000000000005ae       0x34 /usr/local/bin/../lib/gcc/riscv-wch-elf/12.2.0/../../../../riscv-wch-elf/lib/libc.a(lib_a-mallocr.o)
 .riscv.attributes
                0x00000000000005e2       0x34 /usr/local/bin/../lib/gcc/riscv-wch-elf/12.2.0/../../../../riscv-wch-elf/lib/libc.a(lib_a-mbtowc_r.o)
 .riscv.attributes
                0x0000000000000616       0x34 /usr/local/bin/../lib/gcc/riscv-wch-elf/12.2.0/../../../../riscv-wch-elf/lib/libc.a(lib_a-memchr.o)
 .riscv.attributes
                0x000000000000064a       0x34 /usr/local/bin/../lib/gcc/riscv-wch-elf/12.2.0/../../../../riscv-wch-elf/lib/libc.a(lib_a-memcpy.o)
 .riscv.attributes
                0x000000000000067e       0x34 /usr/local/bin/../lib/gcc/riscv-wch-elf/12.2.0/../../../../riscv-wch-elf/lib/libc.a(lib_a-memmove-stub.o)
 .riscv.attributes
                0x00000000000006b2       0x32 /usr/local/bin/../lib/gcc/riscv-wch-elf/12.2.0/../../../../riscv-wch-elf/lib/libc.a(lib_a-memset.o)
 .riscv.attributes
                0x00000000000006e4       0x34 /usr/local/bin/../lib/gcc/riscv-wch-elf/12.2.0/../../../../riscv-wch-elf/lib/libc.a(lib_a-mlock.o)
 .riscv.attributes
                0x0000000000000718       0x34 /usr/local/bin/../lib/gcc/riscv-wch-elf/12.2.0/../../../../riscv-wch-elf/lib/libc.a(lib_a-mprec.o)
 .riscv.attributes
                0x000000000000074c       0x34 /usr/local/bin/../lib/gcc/riscv-wch-elf/12.2.0/../../../../riscv-wch-elf/lib/libc.a(lib_a-reallocr.o)
 .riscv.attributes
                0x0000000000000780       0x34 /usr/local/bin/../lib/gcc/riscv-wch-elf/12.2.0/../../../../riscv-wch-elf/lib/libc.a(lib_a-sbrkr.o)
 .riscv.attributes
                0x00000000000007b4       0x34 /usr/local/bin/../lib/gcc/riscv-wch-elf/12.2.0/../../../../riscv-wch-elf/lib/libc.a(lib_a-s_frexp.o)
 .riscv.attributes
                0x00000000000007e8       0x34 /usr/local/bin/../lib/gcc/riscv-wch-elf/12.2.0/../../../../riscv-wch-elf/lib/libc.a(lib_a-stdio.o)
 .riscv.attributes
                0x000000000000081c       0x34 /usr/local/bin/../lib/gcc/riscv-wch-elf/12.2.0/../../../../riscv-wch-elf/lib/libc.a(lib_a-strncpy.o)
 .riscv.attributes
                0x0000000000000850       0x34 /usr/local/bin/../lib/gcc/riscv-wch-elf/12.2.0/../../../../riscv-wch-elf/lib/libc.a(lib_a-vfiprintf.o)
 .riscv.attributes
                0x0000000000000884       0x34 /usr/local/bin/../lib/gcc/riscv-wch-elf/12.2.0/../../../../riscv-wch-elf/lib/libc.a(lib_a-wcsnrtombs.o)
 .riscv.attributes
                0x00000000000008b8       0x34 /usr/local/bin/../lib/gcc/riscv-wch-elf/12.2.0/../../../../riscv-wch-elf/lib/libc.a(lib_a-wctomb_r.o)
 .riscv.attributes
                0x00000000000008ec       0x34 /usr/local/bin/../lib/gcc/riscv-wch-elf/12.2.0/../../../../riscv-wch-elf/lib/libc.a(lib_a-writer.o)
 .riscv.attributes
                0x0000000000000920       0x34 /usr/local/bin/../lib/gcc/riscv-wch-elf/12.2.0/../../../../riscv-wch-elf/lib/libc.a(lib_a-assert.o)
 .riscv.attributes
                0x0000000000000954       0x34 /usr/local/bin/../lib/gcc/riscv-wch-elf/12.2.0/../../../../riscv-wch-elf/lib/libc.a(lib_a-callocr.o)
 .riscv.attributes
                0x0000000000000988       0x34 /usr/local/bin/../lib/gcc/riscv-wch-elf/12.2.0/../../../../riscv-wch-elf/lib/libc.a(lib_a-closer.o)
 .riscv.attributes
                0x00000000000009bc       0x34 /usr/local/bin/../lib/gcc/riscv-wch-elf/12.2.0/../../../../riscv-wch-elf/lib/libc.a(lib_a-ctype_.o)
 .riscv.attributes
                0x00000000000009f0       0x34 /usr/local/bin/../lib/gcc/riscv-wch-elf/12.2.0/../../../../riscv-wch-elf/lib/libc.a(lib_a-errno.o)
 .riscv.attributes
                0x0000000000000a24       0x34 /usr/local/bin/../lib/gcc/riscv-wch-elf/12.2.0/../../../../riscv-wch-elf/lib/libc.a(lib_a-fclose.o)
 .riscv.attributes
                0x0000000000000a58       0x34 /usr/local/bin/../lib/gcc/riscv-wch-elf/12.2.0/../../../../riscv-wch-elf/lib/libc.a(lib_a-fiprintf.o)
 .riscv.attributes
                0x0000000000000a8c       0x34 /usr/local/bin/../lib/gcc/riscv-wch-elf/12.2.0/../../../../riscv-wch-elf/lib/libc.a(lib_a-fputwc.o)
 .riscv.attributes
                0x0000000000000ac0       0x34 /usr/local/bin/../lib/gcc/riscv-wch-elf/12.2.0/../../../../riscv-wch-elf/lib/libc.a(lib_a-fstatr.o)
 .riscv.attributes
                0x0000000000000af4       0x34 /usr/local/bin/../lib/gcc/riscv-wch-elf/12.2.0/../../../../riscv-wch-elf/lib/libc.a(lib_a-isattyr.o)
 .riscv.attributes
                0x0000000000000b28       0x34 /usr/local/bin/../lib/gcc/riscv-wch-elf/12.2.0/../../../../riscv-wch-elf/lib/libc.a(lib_a-lseekr.o)
 .riscv.attributes
                0x0000000000000b5c       0x34 /usr/local/bin/../lib/gcc/riscv-wch-elf/12.2.0/../../../../riscv-wch-elf/lib/libc.a(lib_a-readr.o)
 .riscv.attributes
                0x0000000000000b90       0x34 /usr/local/bin/../lib/gcc/riscv-wch-elf/12.2.0/../../../../riscv-wch-elf/lib/libc.a(lib_a-reent.o)
 .riscv.attributes
                0x0000000000000bc4       0x34 /usr/local/bin/../lib/gcc/riscv-wch-elf/12.2.0/../../../../riscv-wch-elf/lib/libc.a(lib_a-wbuf.o)
 .riscv.attributes
                0x0000000000000bf8       0x34 /usr/local/bin/../lib/gcc/riscv-wch-elf/12.2.0/../../../../riscv-wch-elf/lib/libc.a(lib_a-abort.o)
 .riscv.attributes
                0x0000000000000c2c       0x34 /usr/local/bin/../lib/gcc/riscv-wch-elf/12.2.0/../../../../riscv-wch-elf/lib/libc.a(lib_a-signal.o)
 .riscv.attributes
                0x0000000000000c60       0x34 /usr/local/bin/../lib/gcc/riscv-wch-elf/12.2.0/../../../../riscv-wch-elf/lib/libc.a(lib_a-signalr.o)
 .riscv.attributes
                0x0000000000000c94       0x34 /usr/local/bin/../lib/gcc/riscv-wch-elf/12.2.0/../../../../riscv-wch-elf/lib/libnosys.a(close.o)
 .riscv.attributes
                0x0000000000000cc8       0x34 /usr/local/bin/../lib/gcc/riscv-wch-elf/12.2.0/../../../../riscv-wch-elf/lib/libnosys.a(fstat.o)
 .riscv.attributes
                0x0000000000000cfc       0x34 /usr/local/bin/../lib/gcc/riscv-wch-elf/12.2.0/../../../../riscv-wch-elf/lib/libnosys.a(getpid.o)
 .riscv.attributes
                0x0000000000000d30       0x34 /usr/local/bin/../lib/gcc/riscv-wch-elf/12.2.0/../../../../riscv-wch-elf/lib/libnosys.a(isatty.o)
 .riscv.attributes
                0x0000000000000d64       0x34 /usr/local/bin/../lib/gcc/riscv-wch-elf/12.2.0/../../../../riscv-wch-elf/lib/libnosys.a(kill.o)
 .riscv.attributes
                0x0000000000000d98       0x34 /usr/local/bin/../lib/gcc/riscv-wch-elf/12.2.0/../../../../riscv-wch-elf/lib/libnosys.a(lseek.o)
 .riscv.attributes
                0x0000000000000dcc       0x34 /usr/local/bin/../lib/gcc/riscv-wch-elf/12.2.0/../../../../riscv-wch-elf/lib/libnosys.a(read.o)
 .riscv.attributes
                0x0000000000000e00       0x34 /usr/local/bin/../lib/gcc/riscv-wch-elf/12.2.0/../../../../riscv-wch-elf/lib/libnosys.a(_exit.o)
 .riscv.attributes
                0x0000000000000e34       0x34 /usr/local/bin/../lib/gcc/riscv-wch-elf/12.2.0/libgcc.a(adddf3.o)
 .riscv.attributes
                0x0000000000000e68       0x34 /usr/local/bin/../lib/gcc/riscv-wch-elf/12.2.0/libgcc.a(divdf3.o)
 .riscv.attributes
                0x0000000000000e9c       0x34 /usr/local/bin/../lib/gcc/riscv-wch-elf/12.2.0/libgcc.a(eqdf2.o)
 .riscv.attributes
                0x0000000000000ed0       0x34 /usr/local/bin/../lib/gcc/riscv-wch-elf/12.2.0/libgcc.a(gedf2.o)
 .riscv.attributes
                0x0000000000000f04       0x34 /usr/local/bin/../lib/gcc/riscv-wch-elf/12.2.0/libgcc.a(ledf2.o)
 .riscv.attributes
                0x0000000000000f38       0x34 /usr/local/bin/../lib/gcc/riscv-wch-elf/12.2.0/libgcc.a(muldf3.o)
 .riscv.attributes
                0x0000000000000f6c       0x34 /usr/local/bin/../lib/gcc/riscv-wch-elf/12.2.0/libgcc.a(subdf3.o)
 .riscv.attributes
                0x0000000000000fa0       0x34 /usr/local/bin/../lib/gcc/riscv-wch-elf/12.2.0/libgcc.a(unorddf2.o)
 .riscv.attributes
                0x0000000000000fd4       0x34 /usr/local/bin/../lib/gcc/riscv-wch-elf/12.2.0/libgcc.a(fixdfsi.o)
 .riscv.attributes
                0x0000000000001008       0x34 /usr/local/bin/../lib/gcc/riscv-wch-elf/12.2.0/libgcc.a(floatsidf.o)
 .riscv.attributes
                0x000000000000103c       0x34 /usr/local/bin/../lib/gcc/riscv-wch-elf/12.2.0/libgcc.a(floatunsidf.o)
 .riscv.attributes
                0x0000000000001070       0x34 /usr/local/bin/../lib/gcc/riscv-wch-elf/12.2.0/libgcc.a(trunctfdf2.o)
 .riscv.attributes
                0x00000000000010a4       0x34 /usr/local/bin/../lib/gcc/riscv-wch-elf/12.2.0/libgcc.a(_clzsi2.o)
 .riscv.attributes
                0x00000000000010d8       0x34 /usr/local/bin/../lib/gcc/riscv-wch-elf/12.2.0/libgcc.a(_clz.o)
